GAMS Rev 240  WEX-VS8 24.0.2 x86/MS Windows                                                                                                                                                                                            04/30/13 11:22:10 Page 1
G e n e r a l   A l g e b r a i c   M o d e l i n g   S y s t e m
C o m p i l a t i o n


   1  *File to estimate quantities consistent with revealed preferences
   2   
      This file uses:
               work\product_flex.inc
               work\price_unit_flex.inc
               work\quan_flex.inc
       
      This file creates:
               work\qent.csv
               work\povline_ali_ent.csv
               work\povline_rp_inout.csv
       
  15   
  16  SETS
  17   cod        2002 codes for products used in basket
  18  /
INCLUDE    C:\Users\Templeton\Desktop\GAPP\GAPP-UGANDA-HARUNA\work\product_flex.inc
  20  "Matooke (Big Bunch)"
  21  "Matooke (Medium Bunch)"
  22  "Matooke (Small Bunch)"
  23  "Matooke (Heap)"
  24  "Sweet Potatoes (Fresh)"
  25  "Sweet Potatoes (Dry)"
  26  "Cassava (Fresh)"
  27  "Cassava (Dry/ Flour)"
  28  "Irish Potatoes"
  29  "Rice"
  30  "Maize (grains)"
  31  "Maize (cobs)"
  32  "Maize (flour)"
  33  "Bread"
  34  "Millet"
  35  "Sorghum"
  36  "Beef"
  37  "Pork"
  38  "Goat Meat"
  39  "Chicken"
  40  "Fresh Fish"
  41  "Dry/ Smoked fish"
  42  "Fresh Milk"
  43  "Cooking oil"
  44  "Sweet Bananas"
  45  "Mangos"
  46  "Other Fruits"
  47  "Onions"
  48  "Tomatoes"
  49  "Cabbages"
  50  "Dodo"
  51  "Other vegetables"
  52  "Beans fresh)"
  53  "Beans (dry)"
  54  "Ground nuts (pounded)"
  55  "Peas"
GAMS Rev 240  WEX-VS8 24.0.2 x86/MS Windows                                                                                                                                                                                            04/30/13 11:22:10 Page 2
G e n e r a l   A l g e b r a i c   M o d e l i n g   S y s t e m
C o m p i l a t i o n


  56  "Sim sim"
  57  "Sugar"
  58  "Salt"
  59  "Other Alcoholic drinks"
  60  "Other drinks"
  61  "Other Tobacco"
  62  "Food"
  63  "Other foods"
  64  /
  65   
  66   reg        13 spatial domains /1*13/
  67   r(reg)     non maputo spatial regions /1*13/
  68   
  69   ptit       price table titles
  70  /
  71    count      number of observations making up the price average
  72    price_uw5  average price
  73  /
  74   
  75   qtit       quantity table titles
  76  /
  77    calperg          calories per gram
  78    quan5            quantities in grams
  79    calpp            calories per person by region
  80    povline_a_flex5    value of flexible food bundle
  81  /
  82   
  83   
  84    posquan(cod,reg)  mark positive quantities in each region
  85    posprice(cod,reg) mark the existence of acceptable price info in each region
  86    chkprice(cod,reg) ensure that prices exist once all estimated
  87  ;
  88   
  89  alias(reg,regq);
  90  alias(r,rq);
  91   
  92  SCALAR
  93     caltarg single level of calories to target across regions / 2150 /
  94   ;
  95   
  96  PARAMETERS
  97   
  98    shr(cod,reg)         shares in each basket by region
  99    chkshr(reg)          check that the calculated shares sum to .9
 100    shrmiss(regq,reg)    shares missing in each region pair
 101    povline_ali(reg)       food poverty line
 102    perc_chng(reg)       percent change in line
 103    finmiss(reg)         final missing shares post optimization procedure
 104   ;
 105   
 106  Table  price(cod,reg,ptit)  price and related information
 107                          count   price_uw5
INCLUDE    C:\Users\Templeton\Desktop\GAPP\GAPP-UGANDA-HARUNA\work\price_unit_flex.inc
GAMS Rev 240  WEX-VS8 24.0.2 x86/MS Windows                                                                                                                                                                                            04/30/13 11:22:10 Page 3
G e n e r a l   A l g e b r a i c   M o d e l i n g   S y s t e m
C o m p i l a t i o n


 109  Matooke (Big Bunch)     .       1       3       .3767767
****        $170,222,338              $338
**** LINE      1 INCLUDE     C:\Users\Templeton\Desktop\GAPP\GAPP-UGANDA-HARUNA\work\price_unit_flex.inc
**** LINE     64 INPUT       C:\Users\Templeton\Desktop\GAPP\GAPP-UGANDA-HARUNA\new\190a_revpref13_r.gms
 110  Matooke (Big Bunch)     .       3       2       .3960126
****             $338                 $338
**** LINE      2 INCLUDE     C:\Users\Templeton\Desktop\GAPP\GAPP-UGANDA-HARUNA\work\price_unit_flex.inc
**** LINE     64 INPUT       C:\Users\Templeton\Desktop\GAPP\GAPP-UGANDA-HARUNA\new\190a_revpref13_r.gms
 111  Matooke (Big Bunch)     .       5       3       .3766216
****             $338                 $338
**** LINE      3 INCLUDE     C:\Users\Templeton\Desktop\GAPP\GAPP-UGANDA-HARUNA\work\price_unit_flex.inc
**** LINE     64 INPUT       C:\Users\Templeton\Desktop\GAPP\GAPP-UGANDA-HARUNA\new\190a_revpref13_r.gms
 112  Matooke (Medium Bunch)  .       1       12      .3193358
****                $338              $338
**** LINE      4 INCLUDE     C:\Users\Templeton\Desktop\GAPP\GAPP-UGANDA-HARUNA\work\price_unit_flex.inc
**** LINE     64 INPUT       C:\Users\Templeton\Desktop\GAPP\GAPP-UGANDA-HARUNA\new\190a_revpref13_r.gms
 113  Matooke (Medium Bunch)  .       2       2       .1787962
****                $338              $338
**** LINE      5 INCLUDE     C:\Users\Templeton\Desktop\GAPP\GAPP-UGANDA-HARUNA\work\price_unit_flex.inc
**** LINE     64 INPUT       C:\Users\Templeton\Desktop\GAPP\GAPP-UGANDA-HARUNA\new\190a_revpref13_r.gms
 114  Matooke (Medium Bunch)  .       3       8       .316971
****                $338              $338
**** LINE      6 INCLUDE     C:\Users\Templeton\Desktop\GAPP\GAPP-UGANDA-HARUNA\work\price_unit_flex.inc
**** LINE     64 INPUT       C:\Users\Templeton\Desktop\GAPP\GAPP-UGANDA-HARUNA\new\190a_revpref13_r.gms
 115  Matooke (Medium Bunch)  .       4       3       .3565594
****                $338              $338
**** LINE      7 INCLUDE     C:\Users\Templeton\Desktop\GAPP\GAPP-UGANDA-HARUNA\work\price_unit_flex.inc
**** LINE     64 INPUT       C:\Users\Templeton\Desktop\GAPP\GAPP-UGANDA-HARUNA\new\190a_revpref13_r.gms
 116  Matooke (Medium Bunch)  .       5       22      .3090174
****                $338              $338
**** LINE      8 INCLUDE     C:\Users\Templeton\Desktop\GAPP\GAPP-UGANDA-HARUNA\work\price_unit_flex.inc
**** LINE     64 INPUT       C:\Users\Templeton\Desktop\GAPP\GAPP-UGANDA-HARUNA\new\190a_revpref13_r.gms
 117  Matooke (Small Bunch)   .       1       58      .3337881
****               $338               $338
**** LINE      9 INCLUDE     C:\Users\Templeton\Desktop\GAPP\GAPP-UGANDA-HARUNA\work\price_unit_flex.inc
**** LINE     64 INPUT       C:\Users\Templeton\Desktop\GAPP\GAPP-UGANDA-HARUNA\new\190a_revpref13_r.gms
 118  Matooke (Small Bunch)   .       3       34      .344171
****               $338               $338
**** LINE     10 INCLUDE     C:\Users\Templeton\Desktop\GAPP\GAPP-UGANDA-HARUNA\work\price_unit_flex.inc
**** LINE     64 INPUT       C:\Users\Templeton\Desktop\GAPP\GAPP-UGANDA-HARUNA\new\190a_revpref13_r.gms
 119  Matooke (Small Bunch)   .       4       6       .3459402
****               $338               $338
**** LINE     11 INCLUDE     C:\Users\Templeton\Desktop\GAPP\GAPP-UGANDA-HARUNA\work\price_unit_flex.inc
**** LINE     64 INPUT       C:\Users\Templeton\Desktop\GAPP\GAPP-UGANDA-HARUNA\new\190a_revpref13_r.gms
 120  Matooke (Small Bunch)   .       5       120     .3029219
****               $338               $338
**** LINE     12 INCLUDE     C:\Users\Templeton\Desktop\GAPP\GAPP-UGANDA-HARUNA\work\price_unit_flex.inc
**** LINE     64 INPUT       C:\Users\Templeton\Desktop\GAPP\GAPP-UGANDA-HARUNA\new\190a_revpref13_r.gms
 121  Matooke (Heap)  .       1       96      .7974824
****              $338        $338
**** LINE     13 INCLUDE     C:\Users\Templeton\Desktop\GAPP\GAPP-UGANDA-HARUNA\work\price_unit_flex.inc
**** LINE     64 INPUT       C:\Users\Templeton\Desktop\GAPP\GAPP-UGANDA-HARUNA\new\190a_revpref13_r.gms
GAMS Rev 240  WEX-VS8 24.0.2 x86/MS Windows                                                                                                                                                                                            04/30/13 11:22:10 Page 4
G e n e r a l   A l g e b r a i c   M o d e l i n g   S y s t e m
C o m p i l a t i o n


 122  Matooke (Heap)  .       2       34      .2324702
****              $338        $338
**** LINE     14 INCLUDE     C:\Users\Templeton\Desktop\GAPP\GAPP-UGANDA-HARUNA\work\price_unit_flex.inc
**** LINE     64 INPUT       C:\Users\Templeton\Desktop\GAPP\GAPP-UGANDA-HARUNA\new\190a_revpref13_r.gms
 123  Matooke (Heap)  .       3       29      .5525199
****              $338        $338
**** LINE     15 INCLUDE     C:\Users\Templeton\Desktop\GAPP\GAPP-UGANDA-HARUNA\work\price_unit_flex.inc
**** LINE     64 INPUT       C:\Users\Templeton\Desktop\GAPP\GAPP-UGANDA-HARUNA\new\190a_revpref13_r.gms
 124  Matooke (Heap)  .       4       14      .7645426
****              $338        $338
**** LINE     16 INCLUDE     C:\Users\Templeton\Desktop\GAPP\GAPP-UGANDA-HARUNA\work\price_unit_flex.inc
**** LINE     64 INPUT       C:\Users\Templeton\Desktop\GAPP\GAPP-UGANDA-HARUNA\new\190a_revpref13_r.gms
 125  Matooke (Heap)  .       5       282     .8881739
****              $338        $338
**** LINE     17 INCLUDE     C:\Users\Templeton\Desktop\GAPP\GAPP-UGANDA-HARUNA\work\price_unit_flex.inc
**** LINE     64 INPUT       C:\Users\Templeton\Desktop\GAPP\GAPP-UGANDA-HARUNA\new\190a_revpref13_r.gms
 126  Sweet Potatoes (Fresh)  .       1       223     .2469527
****                      $338        $338
**** LINE     18 INCLUDE     C:\Users\Templeton\Desktop\GAPP\GAPP-UGANDA-HARUNA\work\price_unit_flex.inc
**** LINE     64 INPUT       C:\Users\Templeton\Desktop\GAPP\GAPP-UGANDA-HARUNA\new\190a_revpref13_r.gms
 127  Sweet Potatoes (Fresh)  .       2       28      .2925624
****                      $338        $338
**** LINE     19 INCLUDE     C:\Users\Templeton\Desktop\GAPP\GAPP-UGANDA-HARUNA\work\price_unit_flex.inc
**** LINE     64 INPUT       C:\Users\Templeton\Desktop\GAPP\GAPP-UGANDA-HARUNA\new\190a_revpref13_r.gms
 128  Sweet Potatoes (Fresh)  .       3       271     .2873442
****                      $338        $338
**** LINE     20 INCLUDE     C:\Users\Templeton\Desktop\GAPP\GAPP-UGANDA-HARUNA\work\price_unit_flex.inc
**** LINE     64 INPUT       C:\Users\Templeton\Desktop\GAPP\GAPP-UGANDA-HARUNA\new\190a_revpref13_r.gms
 129  Sweet Potatoes (Fresh)  .       4       320     .5492282
****                      $338        $338
**** LINE     21 INCLUDE     C:\Users\Templeton\Desktop\GAPP\GAPP-UGANDA-HARUNA\work\price_unit_flex.inc
**** LINE     64 INPUT       C:\Users\Templeton\Desktop\GAPP\GAPP-UGANDA-HARUNA\new\190a_revpref13_r.gms
 130  Sweet Potatoes (Fresh)  .       5       331     .2461897
****                      $338        $338
**** LINE     22 INCLUDE     C:\Users\Templeton\Desktop\GAPP\GAPP-UGANDA-HARUNA\work\price_unit_flex.inc
**** LINE     64 INPUT       C:\Users\Templeton\Desktop\GAPP\GAPP-UGANDA-HARUNA\new\190a_revpref13_r.gms
 131  Sweet Potatoes (Dry)    .       1       2       .1409515
****                    $338          $338
**** LINE     23 INCLUDE     C:\Users\Templeton\Desktop\GAPP\GAPP-UGANDA-HARUNA\work\price_unit_flex.inc
**** LINE     64 INPUT       C:\Users\Templeton\Desktop\GAPP\GAPP-UGANDA-HARUNA\new\190a_revpref13_r.gms
 132  Sweet Potatoes (Dry)    .       2       1       .1946577
****                    $338          $338
**** LINE     24 INCLUDE     C:\Users\Templeton\Desktop\GAPP\GAPP-UGANDA-HARUNA\work\price_unit_flex.inc
**** LINE     64 INPUT       C:\Users\Templeton\Desktop\GAPP\GAPP-UGANDA-HARUNA\new\190a_revpref13_r.gms
 133  Sweet Potatoes (Dry)    .       3       23      .122732
****                    $338          $338
**** LINE     25 INCLUDE     C:\Users\Templeton\Desktop\GAPP\GAPP-UGANDA-HARUNA\work\price_unit_flex.inc
**** LINE     64 INPUT       C:\Users\Templeton\Desktop\GAPP\GAPP-UGANDA-HARUNA\new\190a_revpref13_r.gms
 134  Sweet Potatoes (Dry)    .       4       13      .1888353
****                    $338          $338
**** LINE     26 INCLUDE     C:\Users\Templeton\Desktop\GAPP\GAPP-UGANDA-HARUNA\work\price_unit_flex.inc
**** LINE     64 INPUT       C:\Users\Templeton\Desktop\GAPP\GAPP-UGANDA-HARUNA\new\190a_revpref13_r.gms
GAMS Rev 240  WEX-VS8 24.0.2 x86/MS Windows                                                                                                                                                                                            04/30/13 11:22:10 Page 5
G e n e r a l   A l g e b r a i c   M o d e l i n g   S y s t e m
C o m p i l a t i o n


 135  Sweet Potatoes (Dry)    .       5       12      .1692627
****                    $338          $338
**** LINE     27 INCLUDE     C:\Users\Templeton\Desktop\GAPP\GAPP-UGANDA-HARUNA\work\price_unit_flex.inc
**** LINE     64 INPUT       C:\Users\Templeton\Desktop\GAPP\GAPP-UGANDA-HARUNA\new\190a_revpref13_r.gms
 136  Cassava (Fresh) .       1       172     .1155276
****               $338       $338
**** LINE     28 INCLUDE     C:\Users\Templeton\Desktop\GAPP\GAPP-UGANDA-HARUNA\work\price_unit_flex.inc
**** LINE     64 INPUT       C:\Users\Templeton\Desktop\GAPP\GAPP-UGANDA-HARUNA\new\190a_revpref13_r.gms
 137  Cassava (Fresh) .       2       20      .0396428
****               $338       $338
**** LINE     29 INCLUDE     C:\Users\Templeton\Desktop\GAPP\GAPP-UGANDA-HARUNA\work\price_unit_flex.inc
**** LINE     64 INPUT       C:\Users\Templeton\Desktop\GAPP\GAPP-UGANDA-HARUNA\new\190a_revpref13_r.gms
 138  Cassava (Fresh) .       3       247     .0823676
****               $338       $338
**** LINE     30 INCLUDE     C:\Users\Templeton\Desktop\GAPP\GAPP-UGANDA-HARUNA\work\price_unit_flex.inc
**** LINE     64 INPUT       C:\Users\Templeton\Desktop\GAPP\GAPP-UGANDA-HARUNA\new\190a_revpref13_r.gms
 139  Cassava (Fresh) .       4       323     .0615662
****               $338       $338
**** LINE     31 INCLUDE     C:\Users\Templeton\Desktop\GAPP\GAPP-UGANDA-HARUNA\work\price_unit_flex.inc
**** LINE     64 INPUT       C:\Users\Templeton\Desktop\GAPP\GAPP-UGANDA-HARUNA\new\190a_revpref13_r.gms
 140  Cassava (Fresh) .       5       330     .0978781
****               $338       $338
**** LINE     32 INCLUDE     C:\Users\Templeton\Desktop\GAPP\GAPP-UGANDA-HARUNA\work\price_unit_flex.inc
**** LINE     64 INPUT       C:\Users\Templeton\Desktop\GAPP\GAPP-UGANDA-HARUNA\new\190a_revpref13_r.gms
 141  Cassava (Dry/ Flour)    .       1       49      .5511494
****             $338                 $338
**** LINE     33 INCLUDE     C:\Users\Templeton\Desktop\GAPP\GAPP-UGANDA-HARUNA\work\price_unit_flex.inc
**** LINE     64 INPUT       C:\Users\Templeton\Desktop\GAPP\GAPP-UGANDA-HARUNA\new\190a_revpref13_r.gms
 142  Cassava (Dry/ Flour)    .       2       10      .5679948
****             $338                 $338
**** LINE     34 INCLUDE     C:\Users\Templeton\Desktop\GAPP\GAPP-UGANDA-HARUNA\work\price_unit_flex.inc
**** LINE     64 INPUT       C:\Users\Templeton\Desktop\GAPP\GAPP-UGANDA-HARUNA\new\190a_revpref13_r.gms
 143  Cassava (Dry/ Flour)    .       3       302     .8150141
****             $338                 $338
**** LINE     35 INCLUDE     C:\Users\Templeton\Desktop\GAPP\GAPP-UGANDA-HARUNA\work\price_unit_flex.inc
**** LINE     64 INPUT       C:\Users\Templeton\Desktop\GAPP\GAPP-UGANDA-HARUNA\new\190a_revpref13_r.gms
 144  Cassava (Dry/ Flour)    .       4       289     .6620767
****             $338                 $338
**** LINE     36 INCLUDE     C:\Users\Templeton\Desktop\GAPP\GAPP-UGANDA-HARUNA\work\price_unit_flex.inc
**** LINE     64 INPUT       C:\Users\Templeton\Desktop\GAPP\GAPP-UGANDA-HARUNA\new\190a_revpref13_r.gms
 145  Cassava (Dry/ Flour)    .       5       202     .5585041
****             $338                 $338
**** LINE     37 INCLUDE     C:\Users\Templeton\Desktop\GAPP\GAPP-UGANDA-HARUNA\work\price_unit_flex.inc
**** LINE     64 INPUT       C:\Users\Templeton\Desktop\GAPP\GAPP-UGANDA-HARUNA\new\190a_revpref13_r.gms
 146  Irish Potatoes  .       1       18      .1652141
 147  Irish Potatoes  .       2       12      .0500986
 148  Irish Potatoes  .       3       17      .1270361
 149  Irish Potatoes  .       4       9       .098572
 150  Irish Potatoes  .       5       114     .2117021
 151  Rice    .       1       31      2.179518
 152  Rice    .       2       24      1.463948
 153  Rice    .       3       109     1.674266
 154  Rice    .       4       64      1.628859
GAMS Rev 240  WEX-VS8 24.0.2 x86/MS Windows                                                                                                                                                                                            04/30/13 11:22:10 Page 6
G e n e r a l   A l g e b r a i c   M o d e l i n g   S y s t e m
C o m p i l a t i o n


 155  Rice    .       5       56      2.092386
 156  Maize (grains)  .       1       12      .2649443
****              $338        $338
**** LINE     48 INCLUDE     C:\Users\Templeton\Desktop\GAPP\GAPP-UGANDA-HARUNA\work\price_unit_flex.inc
**** LINE     64 INPUT       C:\Users\Templeton\Desktop\GAPP\GAPP-UGANDA-HARUNA\new\190a_revpref13_r.gms
 157  Maize (grains)  .       2       2       .4081268
****              $338        $338
**** LINE     49 INCLUDE     C:\Users\Templeton\Desktop\GAPP\GAPP-UGANDA-HARUNA\work\price_unit_flex.inc
**** LINE     64 INPUT       C:\Users\Templeton\Desktop\GAPP\GAPP-UGANDA-HARUNA\new\190a_revpref13_r.gms
 158  Maize (grains)  .       3       20      .5209069
****              $338        $338
**** LINE     50 INCLUDE     C:\Users\Templeton\Desktop\GAPP\GAPP-UGANDA-HARUNA\work\price_unit_flex.inc
**** LINE     64 INPUT       C:\Users\Templeton\Desktop\GAPP\GAPP-UGANDA-HARUNA\new\190a_revpref13_r.gms
 159  Maize (grains)  .       4       136     .4733869
****              $338        $338
**** LINE     51 INCLUDE     C:\Users\Templeton\Desktop\GAPP\GAPP-UGANDA-HARUNA\work\price_unit_flex.inc
**** LINE     64 INPUT       C:\Users\Templeton\Desktop\GAPP\GAPP-UGANDA-HARUNA\new\190a_revpref13_r.gms
 160  Maize (grains)  .       5       24      .3930244
****              $338        $338
**** LINE     52 INCLUDE     C:\Users\Templeton\Desktop\GAPP\GAPP-UGANDA-HARUNA\work\price_unit_flex.inc
**** LINE     64 INPUT       C:\Users\Templeton\Desktop\GAPP\GAPP-UGANDA-HARUNA\new\190a_revpref13_r.gms
 161  Maize (cobs)    .       1       65      .4976214
****            $338          $338
**** LINE     53 INCLUDE     C:\Users\Templeton\Desktop\GAPP\GAPP-UGANDA-HARUNA\work\price_unit_flex.inc
**** LINE     64 INPUT       C:\Users\Templeton\Desktop\GAPP\GAPP-UGANDA-HARUNA\new\190a_revpref13_r.gms
 162  Maize (cobs)    .       2       14      .3511608
****            $338          $338
**** LINE     54 INCLUDE     C:\Users\Templeton\Desktop\GAPP\GAPP-UGANDA-HARUNA\work\price_unit_flex.inc
**** LINE     64 INPUT       C:\Users\Templeton\Desktop\GAPP\GAPP-UGANDA-HARUNA\new\190a_revpref13_r.gms
 163  Maize (cobs)    .       3       117     .3893676
****            $338          $338
**** LINE     55 INCLUDE     C:\Users\Templeton\Desktop\GAPP\GAPP-UGANDA-HARUNA\work\price_unit_flex.inc
**** LINE     64 INPUT       C:\Users\Templeton\Desktop\GAPP\GAPP-UGANDA-HARUNA\new\190a_revpref13_r.gms
 164  Maize (cobs)    .       4       96      .3928249
****            $338          $338
**** LINE     56 INCLUDE     C:\Users\Templeton\Desktop\GAPP\GAPP-UGANDA-HARUNA\work\price_unit_flex.inc
**** LINE     64 INPUT       C:\Users\Templeton\Desktop\GAPP\GAPP-UGANDA-HARUNA\new\190a_revpref13_r.gms
 165  Maize (cobs)    .       5       91      .3677167
****            $338          $338
**** LINE     57 INCLUDE     C:\Users\Templeton\Desktop\GAPP\GAPP-UGANDA-HARUNA\work\price_unit_flex.inc
**** LINE     64 INPUT       C:\Users\Templeton\Desktop\GAPP\GAPP-UGANDA-HARUNA\new\190a_revpref13_r.gms
 166  Maize (flour)   .       1       210     1.192061
****             $338         $338
**** LINE     58 INCLUDE     C:\Users\Templeton\Desktop\GAPP\GAPP-UGANDA-HARUNA\work\price_unit_flex.inc
**** LINE     64 INPUT       C:\Users\Templeton\Desktop\GAPP\GAPP-UGANDA-HARUNA\new\190a_revpref13_r.gms
 167  Maize (flour)   .       2       34      .7889462
****             $338         $338
**** LINE     59 INCLUDE     C:\Users\Templeton\Desktop\GAPP\GAPP-UGANDA-HARUNA\work\price_unit_flex.inc
**** LINE     64 INPUT       C:\Users\Templeton\Desktop\GAPP\GAPP-UGANDA-HARUNA\new\190a_revpref13_r.gms
 168  Maize (flour)   .       3       289     1.028476
****             $338         $338
**** LINE     60 INCLUDE     C:\Users\Templeton\Desktop\GAPP\GAPP-UGANDA-HARUNA\work\price_unit_flex.inc
**** LINE     64 INPUT       C:\Users\Templeton\Desktop\GAPP\GAPP-UGANDA-HARUNA\new\190a_revpref13_r.gms
GAMS Rev 240  WEX-VS8 24.0.2 x86/MS Windows                                                                                                                                                                                            04/30/13 11:22:10 Page 7
G e n e r a l   A l g e b r a i c   M o d e l i n g   S y s t e m
C o m p i l a t i o n


 169  Maize (flour)   .       4       254     .8989651
****             $338         $338
**** LINE     61 INCLUDE     C:\Users\Templeton\Desktop\GAPP\GAPP-UGANDA-HARUNA\work\price_unit_flex.inc
**** LINE     64 INPUT       C:\Users\Templeton\Desktop\GAPP\GAPP-UGANDA-HARUNA\new\190a_revpref13_r.gms
 170  Maize (flour)   .       5       283     1.026032
****             $338         $338
**** LINE     62 INCLUDE     C:\Users\Templeton\Desktop\GAPP\GAPP-UGANDA-HARUNA\work\price_unit_flex.inc
**** LINE     64 INPUT       C:\Users\Templeton\Desktop\GAPP\GAPP-UGANDA-HARUNA\new\190a_revpref13_r.gms
 171  Bread   .       1       33      2.069313
 172  Bread   .       2       22      1.832159
 173  Bread   .       3       76      1.52449
 174  Bread   .       4       112     1.458717
 175  Bread   .       5       58      1.629467
 176  Millet  .       1       16      1.116133
 177  Millet  .       2       3       1.123914
 178  Millet  .       3       105     .9318959
 179  Millet  .       4       61      .7827522
 180  Millet  .       5       129     .9614788
 181  Sorghum .       1       4       .8228506
 182  Sorghum .       2       1       1.6
 183  Sorghum .       3       132     .5062653
 184  Sorghum .       4       488     .5531772
 185  Sorghum .       5       23      .7321597
 186  Beef    .       1       57      4.28351
 187  Beef    .       2       16      2.801072
 188  Beef    .       3       150     4.078514
 189  Beef    .       4       210     3.901601
 190  Beef    .       5       133     4.003965
 191  Pork    .       1       21      3.476077
 192  Pork    .       2       3       2.603735
 193  Pork    .       3       39      3.430539
 194  Pork    .       4       22      3.636991
 195  Pork    .       5       54      3.94884
 196  Goat Meat       .       1       3       4.126432
 197  Goat Meat       .       3       39      4.054574
 198  Goat Meat       .       4       63      3.940496
 199  Goat Meat       .       5       40      4.619205
 200  Chicken .       1       9       3.912647
 201  Chicken .       3       54      3.861619
 202  Chicken .       4       65      3.827872
 203  Chicken .       5       18      4.31197
 204  Fresh Fish      .       1       49      .8293929
 205  Fresh Fish      .       2       6       .9206342
 206  Fresh Fish      .       3       131     .6631449
 207  Fresh Fish      .       4       72      1.464541
 208  Fresh Fish      .       5       56      .9674097
 209  Dry/ Smoked fish        .       1       88      .3941103
 210  Dry/ Smoked fish        .       2       18      .2558341
 211  Dry/ Smoked fish        .       3       226     .5586819
 212  Dry/ Smoked fish        .       4       307     1.002531
 213  Dry/ Smoked fish        .       5       67      .5965487
 214  Fresh Milk      .       1       90      .0893784
 215  Fresh Milk      .       2       16      .0911989
GAMS Rev 240  WEX-VS8 24.0.2 x86/MS Windows                                                                                                                                                                                            04/30/13 11:22:10 Page 8
G e n e r a l   A l g e b r a i c   M o d e l i n g   S y s t e m
C o m p i l a t i o n


 216  Fresh Milk      .       3       152     .0802798
 217  Fresh Milk      .       4       175     .0764993
 218  Fresh Milk      .       5       140     .0808601
 219  Cooking oil     .       1       179     .8286387
 220  Cooking oil     .       2       39      .8013185
 221  Cooking oil     .       3       353     .817768
 222  Cooking oil     .       4       547     1.547609
 223  Cooking oil     .       5       136     1.362171
 224  Sweet Bananas   .       1       60      .3935834
 225  Sweet Bananas   .       2       9       .2686354
 226  Sweet Bananas   .       3       44      .5603358
 227  Sweet Bananas   .       4       45      .6902652
 228  Sweet Bananas   .       5       124     .4404165
 229  Mangos  .       1       34      .364659
 230  Mangos  .       2       14      .2879896
 231  Mangos  .       3       136     .2685895
 232  Mangos  .       4       121     .331438
 233  Mangos  .       5       63      .2388753
 234  Other Fruits    .       1       84      1.214898
 235  Other Fruits    .       2       4       .8208162
 236  Other Fruits    .       3       120     1.44957
 237  Other Fruits    .       4       37      .7868423
 238  Other Fruits    .       5       113     .4210848
 239  Onions  .       1       219     1.001302
 240  Onions  .       2       54      .5828542
 241  Onions  .       3       386     1.07948
 242  Onions  .       4       650     1.191719
 243  Onions  .       5       384     .9302185
 244  Tomatoes        .       1       245     1.284735
 245  Tomatoes        .       2       52      .8439046
 246  Tomatoes        .       3       400     1.263219
 247  Tomatoes        .       4       399     1.576084
 248  Tomatoes        .       5       387     .9537703
 249  Cabbages        .       1       50      .4378624
 250  Cabbages        .       2       11      .2725326
 251  Cabbages        .       3       150     .5128226
 252  Cabbages        .       4       170     .7021126
 253  Cabbages        .       5       112     .4176017
 254  Dodo    .       1       135     .4856839
 255  Dodo    .       2       12      .3916174
 256  Dodo    .       3       269     .3826284
 257  Dodo    .       4       217     .2921741
 258  Dodo    .       5       348     .3376532
 259  Other vegetables        .       1       83      .7713554
 260  Other vegetables        .       2       6       .7000274
 261  Other vegetables        .       3       221     .5828759
 262  Other vegetables        .       4       518     .404897
 263  Other vegetables        .       5       79      .5168673
 264  Beans fresh)    .       1       60      .9948032
****                          $338
**** LINE    156 INCLUDE     C:\Users\Templeton\Desktop\GAPP\GAPP-UGANDA-HARUNA\work\price_unit_flex.inc
**** LINE     64 INPUT       C:\Users\Templeton\Desktop\GAPP\GAPP-UGANDA-HARUNA\new\190a_revpref13_r.gms
GAMS Rev 240  WEX-VS8 24.0.2 x86/MS Windows                                                                                                                                                                                            04/30/13 11:22:10 Page 9
G e n e r a l   A l g e b r a i c   M o d e l i n g   S y s t e m
C o m p i l a t i o n


 265  Beans fresh)    .       2       7       1.476317
****                          $338
**** LINE    157 INCLUDE     C:\Users\Templeton\Desktop\GAPP\GAPP-UGANDA-HARUNA\work\price_unit_flex.inc
**** LINE     64 INPUT       C:\Users\Templeton\Desktop\GAPP\GAPP-UGANDA-HARUNA\new\190a_revpref13_r.gms
 266  Beans fresh)    .       3       90      1.712017
****                          $338
**** LINE    158 INCLUDE     C:\Users\Templeton\Desktop\GAPP\GAPP-UGANDA-HARUNA\work\price_unit_flex.inc
**** LINE     64 INPUT       C:\Users\Templeton\Desktop\GAPP\GAPP-UGANDA-HARUNA\new\190a_revpref13_r.gms
 267  Beans fresh)    .       4       85      1.463778
****                          $338
**** LINE    159 INCLUDE     C:\Users\Templeton\Desktop\GAPP\GAPP-UGANDA-HARUNA\work\price_unit_flex.inc
**** LINE     64 INPUT       C:\Users\Templeton\Desktop\GAPP\GAPP-UGANDA-HARUNA\new\190a_revpref13_r.gms
 268  Beans fresh)    .       5       161     1.237111
****                          $338
**** LINE    160 INCLUDE     C:\Users\Templeton\Desktop\GAPP\GAPP-UGANDA-HARUNA\work\price_unit_flex.inc
**** LINE     64 INPUT       C:\Users\Templeton\Desktop\GAPP\GAPP-UGANDA-HARUNA\new\190a_revpref13_r.gms
 269  Beans (dry)     .       1       183     1.576005
****           $338           $338
**** LINE    161 INCLUDE     C:\Users\Templeton\Desktop\GAPP\GAPP-UGANDA-HARUNA\work\price_unit_flex.inc
**** LINE     64 INPUT       C:\Users\Templeton\Desktop\GAPP\GAPP-UGANDA-HARUNA\new\190a_revpref13_r.gms
 270  Beans (dry)     .       2       33      .9712892
****           $338           $338
**** LINE    162 INCLUDE     C:\Users\Templeton\Desktop\GAPP\GAPP-UGANDA-HARUNA\work\price_unit_flex.inc
**** LINE     64 INPUT       C:\Users\Templeton\Desktop\GAPP\GAPP-UGANDA-HARUNA\new\190a_revpref13_r.gms
 271  Beans (dry)     .       3       230     1.647595
****           $338           $338
**** LINE    163 INCLUDE     C:\Users\Templeton\Desktop\GAPP\GAPP-UGANDA-HARUNA\work\price_unit_flex.inc
**** LINE     64 INPUT       C:\Users\Templeton\Desktop\GAPP\GAPP-UGANDA-HARUNA\new\190a_revpref13_r.gms
 272  Beans (dry)     .       4       613     2.247068
****           $338           $338
**** LINE    164 INCLUDE     C:\Users\Templeton\Desktop\GAPP\GAPP-UGANDA-HARUNA\work\price_unit_flex.inc
**** LINE     64 INPUT       C:\Users\Templeton\Desktop\GAPP\GAPP-UGANDA-HARUNA\new\190a_revpref13_r.gms
 273  Beans (dry)     .       5       442     1.708336
****           $338           $338
**** LINE    165 INCLUDE     C:\Users\Templeton\Desktop\GAPP\GAPP-UGANDA-HARUNA\work\price_unit_flex.inc
**** LINE     64 INPUT       C:\Users\Templeton\Desktop\GAPP\GAPP-UGANDA-HARUNA\new\190a_revpref13_r.gms
 274  Ground nuts (pounded)   .       1       118     1.987042
****                     $338         $338
**** LINE    166 INCLUDE     C:\Users\Templeton\Desktop\GAPP\GAPP-UGANDA-HARUNA\work\price_unit_flex.inc
**** LINE     64 INPUT       C:\Users\Templeton\Desktop\GAPP\GAPP-UGANDA-HARUNA\new\190a_revpref13_r.gms
 275  Ground nuts (pounded)   .       2       30      1.482472
****                     $338         $338
**** LINE    167 INCLUDE     C:\Users\Templeton\Desktop\GAPP\GAPP-UGANDA-HARUNA\work\price_unit_flex.inc
**** LINE     64 INPUT       C:\Users\Templeton\Desktop\GAPP\GAPP-UGANDA-HARUNA\new\190a_revpref13_r.gms
 276  Ground nuts (pounded)   .       3       116     1.320936
****                     $338         $338
**** LINE    168 INCLUDE     C:\Users\Templeton\Desktop\GAPP\GAPP-UGANDA-HARUNA\work\price_unit_flex.inc
**** LINE     64 INPUT       C:\Users\Templeton\Desktop\GAPP\GAPP-UGANDA-HARUNA\new\190a_revpref13_r.gms
 277  Ground nuts (pounded)   .       4       12      1.059712
****                     $338         $338
**** LINE    169 INCLUDE     C:\Users\Templeton\Desktop\GAPP\GAPP-UGANDA-HARUNA\work\price_unit_flex.inc
**** LINE     64 INPUT       C:\Users\Templeton\Desktop\GAPP\GAPP-UGANDA-HARUNA\new\190a_revpref13_r.gms
GAMS Rev 240  WEX-VS8 24.0.2 x86/MS Windows                                                                                                                                                                                           04/30/13 11:22:10 Page 10
G e n e r a l   A l g e b r a i c   M o d e l i n g   S y s t e m
C o m p i l a t i o n


 278  Ground nuts (pounded)   .       5       151     2.086115
****                     $338         $338
**** LINE    170 INCLUDE     C:\Users\Templeton\Desktop\GAPP\GAPP-UGANDA-HARUNA\work\price_unit_flex.inc
**** LINE     64 INPUT       C:\Users\Templeton\Desktop\GAPP\GAPP-UGANDA-HARUNA\new\190a_revpref13_r.gms
 279  Peas    .       1       2       1.891142
 280  Peas    .       2       2       1.883498
 281  Peas    .       3       33      2.06859
 282  Peas    .       4       129     1.869384
 283  Peas    .       5       13      2.023263
 284  Sim sim .       1       1       3
 285  Sim sim .       3       21      2.578559
 286  Sim sim .       4       299     1